../Drivers/STM32H5xx_HAL_Driver/Src/stm32h5xx_hal_uart.c:3735:13:UART_EndTxTransfer	0	static,ignoring_inline_asm
../Drivers/STM32H5xx_HAL_Driver/Src/stm32h5xx_hal_uart.c:3752:13:UART_EndRxTransfer	8	static,ignoring_inline_asm
../Drivers/STM32H5xx_HAL_Driver/Src/stm32h5xx_hal_uart.c:4170:13:UART_TxISR_8BIT.part.0	0	static,ignoring_inline_asm
../Drivers/STM32H5xx_HAL_Driver/Src/stm32h5xx_hal_uart.c:4170:13:UART_TxISR_8BIT	0	static
../Drivers/STM32H5xx_HAL_Driver/Src/stm32h5xx_hal_uart.c:4199:13:UART_TxISR_16BIT	0	static
../Drivers/STM32H5xx_HAL_Driver/Src/stm32h5xx_hal_uart.c:4231:13:UART_TxISR_8BIT_FIFOEN	8	static,ignoring_inline_asm
../Drivers/STM32H5xx_HAL_Driver/Src/stm32h5xx_hal_uart.c:4271:13:UART_TxISR_16BIT_FIFOEN	8	static,ignoring_inline_asm
../Drivers/STM32H5xx_HAL_Driver/Src/stm32h5xx_hal_uart.c:681:13:HAL_UART_MspInit	0	static
../Drivers/STM32H5xx_HAL_Driver/Src/stm32h5xx_hal_uart.c:696:13:HAL_UART_MspDeInit	0	static
../Drivers/STM32H5xx_HAL_Driver/Src/stm32h5xx_hal_uart.c:634:19:HAL_UART_DeInit	16	static
../Drivers/STM32H5xx_HAL_Driver/Src/stm32h5xx_hal_uart.c:1309:19:HAL_UART_Transmit_IT	8	static,ignoring_inline_asm
../Drivers/STM32H5xx_HAL_Driver/Src/stm32h5xx_hal_uart.c:1435:19:HAL_UART_Transmit_DMA	16	static,ignoring_inline_asm
../Drivers/STM32H5xx_HAL_Driver/Src/stm32h5xx_hal_uart.c:1587:19:HAL_UART_DMAPause	16	static,ignoring_inline_asm
../Drivers/STM32H5xx_HAL_Driver/Src/stm32h5xx_hal_uart.c:1649:19:HAL_UART_DMAResume	8	static,ignoring_inline_asm
../Drivers/STM32H5xx_HAL_Driver/Src/stm32h5xx_hal_uart.c:1698:19:HAL_UART_DMAStop	16	static,ignoring_inline_asm
../Drivers/STM32H5xx_HAL_Driver/Src/stm32h5xx_hal_uart.c:1774:19:HAL_UART_Abort	8	static,ignoring_inline_asm
../Drivers/STM32H5xx_HAL_Driver/Src/stm32h5xx_hal_uart.c:1883:19:HAL_UART_AbortTransmit	8	static,ignoring_inline_asm
../Drivers/STM32H5xx_HAL_Driver/Src/stm32h5xx_hal_uart.c:1946:19:HAL_UART_AbortReceive	8	static,ignoring_inline_asm
../Drivers/STM32H5xx_HAL_Driver/Src/stm32h5xx_hal_uart.c:2731:13:HAL_UART_TxCpltCallback	0	static
../Drivers/STM32H5xx_HAL_Driver/Src/stm32h5xx_hal_uart.c:3779:13:UART_DMATransmitCplt	8	static,ignoring_inline_asm
../Drivers/STM32H5xx_HAL_Driver/Src/stm32h5xx_hal_uart.c:2746:13:HAL_UART_TxHalfCpltCallback	0	static
../Drivers/STM32H5xx_HAL_Driver/Src/stm32h5xx_hal_uart.c:3815:13:UART_DMATxHalfCplt	8	static
../Drivers/STM32H5xx_HAL_Driver/Src/stm32h5xx_hal_uart.c:2761:13:HAL_UART_RxCpltCallback	0	static
../Drivers/STM32H5xx_HAL_Driver/Src/stm32h5xx_hal_uart.c:2776:13:HAL_UART_RxHalfCpltCallback	0	static
../Drivers/STM32H5xx_HAL_Driver/Src/stm32h5xx_hal_uart.c:2791:13:HAL_UART_ErrorCallback	0	static
../Drivers/STM32H5xx_HAL_Driver/Src/stm32h5xx_hal_uart.c:3934:13:UART_DMAError	16	static
../Drivers/STM32H5xx_HAL_Driver/Src/stm32h5xx_hal_uart.c:3974:13:UART_DMAAbortOnError	8	static
../Drivers/STM32H5xx_HAL_Driver/Src/stm32h5xx_hal_uart.c:2806:13:HAL_UART_AbortCpltCallback	0	static
../Drivers/STM32H5xx_HAL_Driver/Src/stm32h5xx_hal_uart.c:2018:19:HAL_UART_Abort_IT	16	static,ignoring_inline_asm
../Drivers/STM32H5xx_HAL_Driver/Src/stm32h5xx_hal_uart.c:4051:13:UART_DMARxAbortCallback	8	static
../Drivers/STM32H5xx_HAL_Driver/Src/stm32h5xx_hal_uart.c:3996:13:UART_DMATxAbortCallback	8	static
../Drivers/STM32H5xx_HAL_Driver/Src/stm32h5xx_hal_uart.c:2821:13:HAL_UART_AbortTransmitCpltCallback	0	static
../Drivers/STM32H5xx_HAL_Driver/Src/stm32h5xx_hal_uart.c:2177:19:HAL_UART_AbortTransmit_IT	8	static,ignoring_inline_asm
../Drivers/STM32H5xx_HAL_Driver/Src/stm32h5xx_hal_uart.c:4103:13:UART_DMATxOnlyAbortCallback	8	static
../Drivers/STM32H5xx_HAL_Driver/Src/stm32h5xx_hal_uart.c:2836:13:HAL_UART_AbortReceiveCpltCallback	0	static
../Drivers/STM32H5xx_HAL_Driver/Src/stm32h5xx_hal_uart.c:2272:19:HAL_UART_AbortReceive_IT	8	static,ignoring_inline_asm
../Drivers/STM32H5xx_HAL_Driver/Src/stm32h5xx_hal_uart.c:4136:13:UART_DMARxOnlyAbortCallback	8	static
../Drivers/STM32H5xx_HAL_Driver/Src/stm32h5xx_hal_uart.c:2853:13:HAL_UARTEx_RxEventCallback	0	static
../Drivers/STM32H5xx_HAL_Driver/Src/stm32h5xx_hal_uart.c:2369:6:HAL_UART_IRQHandler	24	static,ignoring_inline_asm
../Drivers/STM32H5xx_HAL_Driver/Src/stm32h5xx_hal_uart.c:4337:13:UART_RxISR_8BIT	8	static,ignoring_inline_asm
../Drivers/STM32H5xx_HAL_Driver/Src/stm32h5xx_hal_uart.c:4428:13:UART_RxISR_16BIT	8	static,ignoring_inline_asm
../Drivers/STM32H5xx_HAL_Driver/Src/stm32h5xx_hal_uart.c:4521:13:UART_RxISR_8BIT_FIFOEN	32	static,ignoring_inline_asm
../Drivers/STM32H5xx_HAL_Driver/Src/stm32h5xx_hal_uart.c:4684:13:UART_RxISR_16BIT_FIFOEN	32	static,ignoring_inline_asm
../Drivers/STM32H5xx_HAL_Driver/Src/stm32h5xx_hal_uart.c:3896:13:UART_DMARxHalfCplt	8	static
../Drivers/STM32H5xx_HAL_Driver/Src/stm32h5xx_hal_uart.c:3833:13:UART_DMAReceiveCplt	8	static,ignoring_inline_asm
../Drivers/STM32H5xx_HAL_Driver/Src/stm32h5xx_hal_uart.c:2901:6:HAL_UART_ReceiverTimeout_Config	0	static
../Drivers/STM32H5xx_HAL_Driver/Src/stm32h5xx_hal_uart.c:2916:19:HAL_UART_EnableReceiverTimeout	0	static
../Drivers/STM32H5xx_HAL_Driver/Src/stm32h5xx_hal_uart.c:2954:19:HAL_UART_DisableReceiverTimeout	0	static
../Drivers/STM32H5xx_HAL_Driver/Src/stm32h5xx_hal_uart.c:3032:6:HAL_MultiProcessor_EnterMuteMode	0	static
../Drivers/STM32H5xx_HAL_Driver/Src/stm32h5xx_hal_uart.c:3042:19:HAL_HalfDuplex_EnableTransmitter	8	static,ignoring_inline_asm
../Drivers/STM32H5xx_HAL_Driver/Src/stm32h5xx_hal_uart.c:3065:19:HAL_HalfDuplex_EnableReceiver	8	static,ignoring_inline_asm
../Drivers/STM32H5xx_HAL_Driver/Src/stm32h5xx_hal_uart.c:3089:19:HAL_LIN_SendBreak	0	static
../Drivers/STM32H5xx_HAL_Driver/Src/stm32h5xx_hal_uart.c:3134:23:HAL_UART_GetState	0	static
../Drivers/STM32H5xx_HAL_Driver/Src/stm32h5xx_hal_uart.c:3150:10:HAL_UART_GetError	0	static
../Drivers/STM32H5xx_HAL_Driver/Src/stm32h5xx_hal_uart.c:3196:19:UART_SetConfig	16	static
../Drivers/STM32H5xx_HAL_Driver/Src/stm32h5xx_hal_uart.c:3353:6:UART_AdvFeatureConfig	8	static
../Drivers/STM32H5xx_HAL_Driver/Src/stm32h5xx_hal_uart.c:3498:19:UART_WaitOnFlagUntilTimeout	32	static
../Drivers/STM32H5xx_HAL_Driver/Src/stm32h5xx_hal_uart.c:1119:19:HAL_UART_Transmit	40	static
../Drivers/STM32H5xx_HAL_Driver/Src/stm32h5xx_hal_uart.c:1217:19:HAL_UART_Receive	40	static
../Drivers/STM32H5xx_HAL_Driver/Src/stm32h5xx_hal_uart.c:3429:19:UART_CheckIdleState	24	static,ignoring_inline_asm
../Drivers/STM32H5xx_HAL_Driver/Src/stm32h5xx_hal_uart.c:309:19:HAL_UART_Init	8	static
../Drivers/STM32H5xx_HAL_Driver/Src/stm32h5xx_hal_uart.c:384:19:HAL_HalfDuplex_Init	8	static
../Drivers/STM32H5xx_HAL_Driver/Src/stm32h5xx_hal_uart.c:459:19:HAL_LIN_Init	16	static
../Drivers/STM32H5xx_HAL_Driver/Src/stm32h5xx_hal_uart.c:558:19:HAL_MultiProcessor_Init	16	static
../Drivers/STM32H5xx_HAL_Driver/Src/stm32h5xx_hal_uart.c:2992:19:HAL_MultiProcessor_EnableMuteMode	0	static,ignoring_inline_asm
../Drivers/STM32H5xx_HAL_Driver/Src/stm32h5xx_hal_uart.c:3012:19:HAL_MultiProcessor_DisableMuteMode	0	static,ignoring_inline_asm
../Drivers/STM32H5xx_HAL_Driver/Src/stm32h5xx_hal_uart.c:3566:19:UART_Start_Receive_IT	12	static,ignoring_inline_asm
../Drivers/STM32H5xx_HAL_Driver/Src/stm32h5xx_hal_uart.c:1385:19:HAL_UART_Receive_IT	8	static,ignoring_inline_asm
../Drivers/STM32H5xx_HAL_Driver/Src/stm32h5xx_hal_uart.c:3639:19:UART_Start_Receive_DMA	16	static,ignoring_inline_asm
../Drivers/STM32H5xx_HAL_Driver/Src/stm32h5xx_hal_uart.c:1551:19:HAL_UART_Receive_DMA	8	static,ignoring_inline_asm
