../Core/Src/NAU7802.c:27:6:NAU_begin	24	static
../Core/Src/NAU7802.c:72:6:NAU_isConnected	8	static
../Core/Src/NAU7802.c:79:6:NAU_available	8	static
../Core/Src/NAU7802.c:86:6:NAU_calibrateAFE	16	static
../Core/Src/NAU7802.c:93:6:NAU_beginCalibrateAFE	24	static
../Core/Src/NAU7802.c:105:20:NAU_calAFEStatus	8	static
../Core/Src/NAU7802.c:121:6:NAU_waitForCalibrateAFE	24	static
../Core/Src/NAU7802.c:140:6:NAU_setSampleRate	24	static
../Core/Src/NAU7802.c:152:6:NAU_setChannel	16	static
../Core/Src/NAU7802.c:160:6:NAU_powerUp	16	static
../Core/Src/NAU7802.c:177:6:NAU_powerDown	8	static
../Core/Src/NAU7802.c:183:6:NAU_reset	8	static
../Core/Src/NAU7802.c:191:6:NAU_setLDO	24	static
../Core/Src/NAU7802.c:204:6:NAU_setLDORampDelay	16	static
../Core/Src/NAU7802.c:207:15:NAU_getLDORampDelay	4	static
../Core/Src/NAU7802.c:213:6:NAU_setGain	24	static
../Core/Src/NAU7802.c:225:9:NAU_getRevisionCode	16	static
../Core/Src/NAU7802.c:232:9:NAU_getReading	8	static
../Core/Src/NAU7802.c:238:9:NAU_getAverage	32	static
../Core/Src/NAU7802.c:259:6:NAU_calculateZeroOffset	16	static
../Core/Src/NAU7802.c:264:6:NAU_setZeroOffset	16	static
../Core/Src/NAU7802.c:268:9:NAU_getZeroOffset	4	static
../Core/Src/NAU7802.c:273:6:NAU_calculateCalibrationFactor	32	static
../Core/Src/NAU7802.c:281:6:NAU_setCalibrationFactor	16	static
../Core/Src/NAU7802.c:285:7:NAU_getCalibrationFactor	4	static
../Core/Src/NAU7802.c:290:7:NAU_getWeight	24	static
../Core/Src/NAU7802.c:306:6:NAU_setIntPolarityHigh	8	static
../Core/Src/NAU7802.c:311:6:NAU_setIntPolarityLow	8	static
../Core/Src/NAU7802.c:316:6:NAU_setBit	24	static
../Core/Src/NAU7802.c:323:6:NAU_clearBit	24	static
../Core/Src/NAU7802.c:330:6:NAU_getBit	24	static
../Core/Src/NAU7802.c:337:9:NAU_getRegister	40	static
../Core/Src/NAU7802.c:346:6:NAU_setRegister	32	static
../Core/Src/NAU7802.c:353:9:NAU_get24BitRegister	40	static
../Core/Src/NAU7802.c:375:6:NAU_set24BitRegister	40	static
../Core/Src/NAU7802.c:395:10:NAU_get32BitRegister	40	static
../Core/Src/NAU7802.c:409:6:NAU_set32BitRegister	40	static
../Core/Src/NAU7802.c:423:9:NAU_getChannel1Offset	8	static
../Core/Src/NAU7802.c:426:6:NAU_setChannel1Offset	16	static
../Core/Src/NAU7802.c:429:10:NAU_getChannel1Gain	8	static
../Core/Src/NAU7802.c:432:6:NAU_setChannel1Gain	16	static
