../Core/Src/steeringLeds.c:36:6:led_init	8	static
../Core/Src/steeringLeds.c:44:6:_led_set_all_brightness	24	static
../Core/Src/steeringLeds.c:61:6:led_set_all_brightness	16	static
../Core/Src/steeringLeds.c:63:6:_led_set_brightness	32	static
../Core/Src/steeringLeds.c:75:6:led_set_brightness	16	static
../Core/Src/steeringLeds.c:77:6:_led_compute_gamma	32	static
../Core/Src/steeringLeds.c:92:6:_led_set_color	32	static
../Core/Src/steeringLeds.c:112:6:led_set_color	32	static
../Core/Src/steeringLeds.c:120:6:led_set_solid_color	32	static
../Core/Src/steeringLeds.c:136:6:led_reset_colors	24	static
../Core/Src/steeringLeds.c:144:6:_convert_to_pwm	32	static
../Core/Src/steeringLeds.c:163:6:_led_send	16	static
../Core/Src/steeringLeds.c:173:6:led_send	8	static
../Core/Src/steeringLeds.c:175:6:led_startup_animation	16	static
../Core/Src/steeringLeds.c:195:6:_redline	16	static
../Core/Src/steeringLeds.c:208:6:led_update	56	static
