../Core/Src/stm32h5xx_hal_msp.c:80:6:HAL_MspInit	8	static
../Core/Src/stm32h5xx_hal_msp.c:103:6:HAL_ADC_MspInit	312	static
../Core/Src/stm32h5xx_hal_msp.c:191:6:HAL_ADC_MspDeInit	16	static
../Core/Src/stm32h5xx_hal_msp.c:226:6:HAL_I2C_MspInit	312	static
../Core/Src/stm32h5xx_hal_msp.c:273:6:HAL_I2C_MspDeInit	16	static
../Core/Src/stm32h5xx_hal_msp.c:304:6:HAL_TIM_Base_MspInit	32	static
../Core/Src/stm32h5xx_hal_msp.c:351:6:HAL_TIM_PWM_MspInit	24	static
../Core/Src/stm32h5xx_hal_msp.c:436:6:HAL_TIM_MspPostInit	48	static
../Core/Src/stm32h5xx_hal_msp.c:488:6:HAL_TIM_Base_MspDeInit	16	static
../Core/Src/stm32h5xx_hal_msp.c:535:6:HAL_TIM_PWM_MspDeInit	16	static
../Core/Src/stm32h5xx_hal_msp.c:574:6:HAL_UART_MspInit	336	static
../Core/Src/stm32h5xx_hal_msp.c:844:6:HAL_UART_MspDeInit	16	static
