../Core/Src/stm32h5xx_it.c:83:6:NMI_Handler	4	static
../Core/Src/stm32h5xx_it.c:98:6:HardFault_Handler	4	static
../Core/Src/stm32h5xx_it.c:113:6:MemManage_Handler	4	static
../Core/Src/stm32h5xx_it.c:128:6:BusFault_Handler	4	static
../Core/Src/stm32h5xx_it.c:143:6:UsageFault_Handler	4	static
../Core/Src/stm32h5xx_it.c:158:6:DebugMon_Handler	4	static
../Core/Src/stm32h5xx_it.c:178:6:GPDMA1_Channel0_IRQHandler	8	static
../Core/Src/stm32h5xx_it.c:192:6:GPDMA1_Channel1_IRQHandler	8	static
../Core/Src/stm32h5xx_it.c:206:6:GPDMA1_Channel2_IRQHandler	8	static
../Core/Src/stm32h5xx_it.c:220:6:GPDMA1_Channel3_IRQHandler	8	static
../Core/Src/stm32h5xx_it.c:234:6:GPDMA1_Channel4_IRQHandler	8	static
../Core/Src/stm32h5xx_it.c:248:6:GPDMA1_Channel5_IRQHandler	8	static
../Core/Src/stm32h5xx_it.c:262:6:ADC1_IRQHandler	8	static
../Core/Src/stm32h5xx_it.c:276:6:TIM4_IRQHandler	8	static
../Core/Src/stm32h5xx_it.c:290:6:TIM6_IRQHandler	8	static
../Core/Src/stm32h5xx_it.c:304:6:USART1_IRQHandler	8	static
../Core/Src/stm32h5xx_it.c:318:6:USART2_IRQHandler	8	static
../Core/Src/stm32h5xx_it.c:332:6:USART3_IRQHandler	8	static
../Core/Src/stm32h5xx_it.c:346:6:GPDMA2_Channel0_IRQHandler	8	static
../Core/Src/stm32h5xx_it.c:360:6:GPDMA2_Channel1_IRQHandler	8	static
